// Jest Snapshot v1, https://goo.gl/fbAQLP

exports[`New note component should create new note 1`] = `"<div class=\\"MuiPaper-root MuiCard-root MuiPaper-elevation1 MuiPaper-rounded\\"><div class=\\"MuiCardContent-root\\"><div class=\\"MuiGrid-root MuiGrid-container MuiGrid-justify-xs-center\\"><div class=\\"MuiGrid-root MuiGrid-item MuiGrid-grid-xs-12\\"><h2 class=\\"MuiTypography-root makeStyles-title-1 MuiTypography-h2\\">Create note</h2></div><div class=\\"MuiGrid-root MuiGrid-item MuiGrid-grid-xs-10\\"><div class=\\"MuiFormControl-root MuiTextField-root makeStyles-textField-2\\"><div class=\\"MuiInputBase-root MuiOutlinedInput-root MuiInputBase-formControl MuiInputBase-multiline MuiOutlinedInput-multiline\\"><textarea rows=\\"1\\" aria-invalid=\\"false\\" class=\\"MuiInputBase-input MuiOutlinedInput-input MuiInputBase-inputMultiline MuiOutlinedInput-inputMultiline\\" style=\\"height: 0px; overflow: hidden;\\"></textarea><textarea aria-hidden=\\"true\\" class=\\"MuiInputBase-input MuiOutlinedInput-input MuiInputBase-inputMultiline MuiOutlinedInput-inputMultiline\\" readonly=\\"\\" tabindex=\\"-1\\" style=\\"visibility: hidden; position: absolute; overflow: hidden; height: 0px; top: 0px; left: 0px; transform: translateZ(0); width: 100%;\\"></textarea><fieldset aria-hidden=\\"true\\" style=\\"padding-left: 8px;\\" class=\\"PrivateNotchedOutline-root-204 MuiOutlinedInput-notchedOutline\\"><legend class=\\"PrivateNotchedOutline-legend-205\\" style=\\"width: 0.01px;\\"><span>â€‹</span></legend></fieldset></div></div></div><div class=\\"MuiGrid-root MuiGrid-container MuiGrid-item MuiGrid-direction-xs-row-reverse MuiGrid-grid-xs-12\\"><button class=\\"MuiButtonBase-root MuiButton-root MuiButton-text WithStyles(ForwardRef(Button))-root-208 WithStyles(ForwardRef(Button))-root-209\\" tabindex=\\"0\\" type=\\"button\\"><span class=\\"MuiButton-label\\">Create note</span><span class=\\"MuiTouchRipple-root\\"></span></button></div></div></div></div>"`;
